<html>
<body>
<pre>
<h1>µVision Build Log</h1>
<h2>Tool Versions:</h2>
IDE-Version: ¦ÌVision V5.36.0.0
Copyright (C) 2021 ARM Ltd and ARM Germany GmbH. All rights reserved.
License Information: lm lmmuyu, xing, LIC=IK1BF-6E8Z1-015P1-CJ6CH-90MQ9-G6NG5
 
Tool Versions:
Toolchain:       MDK-ARM Plus  Version: 5.36.0.0
Toolchain Path:  D:\MDK-keil5\ARM\ARMCLANG\Bin
C Compiler:      ArmClang.exe V6.16
Assembler:       Armasm.exe V6.16
Linker/Locator:  ArmLink.exe V6.16
Library Manager: ArmAr.exe V6.16
Hex Converter:   FromElf.exe V6.16
CPU DLL:         SARMCM3.DLL V5.36.0.0
Dialog DLL:      DARMSTM.DLL V1.68.0.0
Target DLL:      UL2CM3.DLL V1.164.0.0
Dialog DLL:      TARMSTM.DLL V1.66.0.0
 
<h2>Project:</h2>
D:\keilc51Project\flightcontrol_f303cc\flightcontrol\MDK-ARM\flightcontrol.uvprojx
Project File Date:  04/05/2023

<h2>Output:</h2>
*** Using Compiler 'V6.16', folder: 'D:\MDK-keil5\ARM\ARMCLANG\Bin'
Build target 'flightcontrol'
Note: source file '..\Core\BasicDataStructure\queue.c' - object file renamed from 'flightcontrol\queue.o' to 'flightcontrol\queue_1.o'.
compiling gpio.c...
../Core/Src/main.c(11): warning: In file included from...
../Core/Filght/bn-880\bn-880.h(23): warning: 'STACK_SIZE' macro redefined [-Wmacro-redefined]
#define STACK_SIZE 128
        ^
../Core/Filght/mpu6050\mpu6050.h(91): note: previous definition is here
#define STACK_SIZE 512
        ^
1 warning generated.
compiling main.c...
compiling system.c...
compiling stm32f3xx_hal_msp.c...
compiling stm32f3xx_hal_timebase_tim.c...
compiling log.c...
compiling stm32f3xx_it.c...
compiling hal_i2c.c...
compiling freertos_task.c...
compiling usb.c...
compiling pwm.c...
compiling mpu6050.c...
compiling flight_math.c...
compiling tim_it.c...
compiling usb_mode.c...
compiling filght_init.c...
compiling pid.c...
compiling mahony.c...
compiling freertos_mes_queue.c...
compiling motor_control.c...
compiling filght_mode.c...
compiling fixed_height_mode.c...
compiling bmp280_task.c...
compiling bmp280.c...
compiling state.c...
compiling s_bus.c...
compiling qmc5883.c...
compiling mitt.c...
compiling mitter.c...
compiling bn-880.c...
compiling s_bus_parser.c...
compiling bn-880-methods.c...
compiling hal_qmc5883.c...
compiling croutine.c...
compiling list.c...
compiling event_groups.c...
compiling timers.c...
compiling port.c...
compiling heap_4.c...
compiling queue.c...
compiling stream_buffer.c...
compiling queue.c...
compiling linearlist.c...
compiling cmsis_os.c...
compiling tasks.c...
compiling stm32f3xx_hal.c...
compiling stm32f3xx_hal_rcc.c...
compiling stm32f3xx_hal_gpio.c...
compiling stm32f3xx_hal_pwr.c...
compiling stm32f3xx_hal_dma.c...
compiling stm32f3xx_hal_cortex.c...
compiling stm32f3xx_hal_pwr_ex.c...
compiling stm32f3xx_hal_tim_ex.c...
compiling stm32f3xx_hal_rcc_ex.c...
compiling stm32f3xx_hal_flash.c...
compiling stm32f3xx_hal_flash_ex.c...
compiling stm32f3xx_hal_i2c_ex.c...
compiling stm32f3xx_hal_exti.c...
compiling system_stm32f3xx.c...
compiling vofa.c...
compiling stm32f3xx_hal_uart_ex.c...
compiling stm32f3xx_hal_tim.c...
compiling stm32f3xx_hal_i2c.c...
compiling stm32f3xx_hal_uart.c...
linking...
Program Size: Code=22760 RO-data=652 RW-data=548 ZI-data=3412  
FromELF: creating hex file...
"flightcontrol\flightcontrol.axf" - 0 Error(s), 1 Warning(s).

<h2>Software Packages used:</h2>

Package Vendor: ARM
                http://www.keil.com/pack/ARM.CMSIS.5.8.0.pack
                ARM.CMSIS.5.8.0
                CMSIS (Common Microcontroller Software Interface Standard)
   * Component: CORE Version: 5.5.0

Package Vendor: Keil
                http://www.keil.com/pack/Keil.STM32F3xx_DFP.2.2.2.pack
                Keil.STM32F3xx_DFP.2.2.2
                STMicroelectronics STM32F3 Series Device Support and Examples

<h2>Collection of Component include folders:</h2>
  .\RTE\_flightcontrol
  D:\MDK-keil5\pack\ARM\CMSIS\5.8.0\CMSIS\Core\Include
  D:\MDK-keil5\pack\Keil\STM32F3xx_DFP\2.2.2\Drivers\CMSIS\Device\ST\STM32F3xx\Include

<h2>Collection of Component Files used:</h2>

   * Component: ARM::CMSIS:CORE:5.5.0
Build Time Elapsed:  00:00:05
</pre>
</body>
</html>
